2026-05-29 08:15:25 | Reading candidate ZIP supplement
2026-05-29 08:15:27 | Reading pollution exposure tables
2026-05-29 08:15:47 | Reading community covariates
2026-05-29 08:15:48 | Reading candidate SAF files
2026-05-29 08:15:57 | Constructing heart/kidney/liver/lung cohort
2026-05-29 08:16:15 | Skipping baseline organ models because RUN_BASELINE_MODELS=FALSE
2026-05-29 08:16:15 | Constructing lagged annual waitlist exposure intervals

Time-varying organ progress 1/1 | KI

Time-varying model grid for KI 1/8 | single_pollutant_pm25_cumulative_spline
2026-05-29 08:17:23 | Dropping low-information terms: ns(gfr, df = 3), ns(creatinine, df = 3), alloc_pra, current_pra, peak_pra
2026-05-29 08:17:25 | START KI | single_pollutant_pm25_cumulative_spline | intervals=2781314 | adverse=116044
2026-05-29 08:39:45 | DONE  KI | single_pollutant_pm25_cumulative_spline | elapsed=1342.7 sec

Time-varying model grid for KI 2/8 | single_pollutant_ozone_cumulative_spline
2026-05-29 08:39:46 | Dropping low-information terms: ns(gfr, df = 3), ns(creatinine, df = 3), alloc_pra, current_pra, peak_pra
2026-05-29 08:39:47 | START KI | single_pollutant_ozone_cumulative_spline | intervals=2781314 | adverse=116044
2026-05-29 09:01:29 | DONE  KI | single_pollutant_ozone_cumulative_spline | elapsed=1304.8 sec

Time-varying model grid for KI 3/8 | single_pollutant_no2_cumulative_spline
2026-05-29 09:01:30 | Dropping low-information terms: ns(gfr, df = 3), ns(creatinine, df = 3), alloc_pra, current_pra, peak_pra
2026-05-29 09:01:32 | START KI | single_pollutant_no2_cumulative_spline | intervals=2781314 | adverse=116044
2026-05-29 09:23:39 | DONE  KI | single_pollutant_no2_cumulative_spline | elapsed=1329.9 sec

Time-varying model grid for KI 4/8 | combined_pollutants_cumulative_spline
2026-05-29 09:23:41 | Dropping low-information terms: ns(gfr, df = 3), ns(creatinine, df = 3), alloc_pra, current_pra, peak_pra
2026-05-29 09:23:42 | START KI | combined_pollutants_cumulative_spline | intervals=2781314 | adverse=116044
2026-05-29 09:47:32 | DONE  KI | combined_pollutants_cumulative_spline | elapsed=1432.5 sec

Time-varying model grid for KI 5/8 | single_pollutant_pm25_lagged_annual_spline
2026-05-29 09:47:34 | Dropping low-information terms: ns(gfr, df = 3), ns(creatinine, df = 3), alloc_pra, current_pra, peak_pra
2026-05-29 09:47:35 | START KI | single_pollutant_pm25_lagged_annual_spline | intervals=2781314 | adverse=116044
2026-05-29 10:09:43 | DONE  KI | single_pollutant_pm25_lagged_annual_spline | elapsed=1331 sec

Time-varying model grid for KI 6/8 | single_pollutant_ozone_lagged_annual_spline
2026-05-29 10:09:44 | Dropping low-information terms: ns(gfr, df = 3), ns(creatinine, df = 3), alloc_pra, current_pra, peak_pra
2026-05-29 10:09:45 | START KI | single_pollutant_ozone_lagged_annual_spline | intervals=2781314 | adverse=116044
2026-05-29 10:31:43 | DONE  KI | single_pollutant_ozone_lagged_annual_spline | elapsed=1320.5 sec

Time-varying model grid for KI 7/8 | single_pollutant_no2_lagged_annual_spline
2026-05-29 10:31:44 | Dropping low-information terms: ns(gfr, df = 3), ns(creatinine, df = 3), alloc_pra, current_pra, peak_pra
2026-05-29 10:31:46 | START KI | single_pollutant_no2_lagged_annual_spline | intervals=2781314 | adverse=116044
2026-05-29 10:53:50 | DONE  KI | single_pollutant_no2_lagged_annual_spline | elapsed=1326.3 sec

Time-varying model grid for KI 8/8 | combined_pollutants_lagged_annual_spline
2026-05-29 10:53:51 | Dropping low-information terms: ns(gfr, df = 3), ns(creatinine, df = 3), alloc_pra, current_pra, peak_pra
2026-05-29 10:53:53 | START KI | combined_pollutants_lagged_annual_spline | intervals=2781314 | adverse=116044
2026-05-29 11:18:10 | DONE  KI | combined_pollutants_lagged_annual_spline | elapsed=1460.5 sec
Warning messages:
1: In agreg.fit(X, Y, istrat, offset, init, control, weights = weights,  :
  Ran out of iterations and did not converge
2: In agreg.fit(X, Y, istrat, offset, init, control, weights = weights,  :
  Ran out of iterations and did not converge
3: In agreg.fit(X, Y, istrat, offset, init, control, weights = weights,  :
  Ran out of iterations and did not converge
4: In agreg.fit(X, Y, istrat, offset, init, control, weights = weights,  :
  Ran out of iterations and did not converge
5: In agreg.fit(X, Y, istrat, offset, init, control, weights = weights,  :
  Ran out of iterations and did not converge
6: In agreg.fit(X, Y, istrat, offset, init, control, weights = weights,  :
  Ran out of iterations and did not converge
7: In agreg.fit(X, Y, istrat, offset, init, control, weights = weights,  :
  Ran out of iterations and did not converge
8: In agreg.fit(X, Y, istrat, offset, init, control, weights = weights,  :
  Ran out of iterations and did not converge
2026-05-29 11:18:11 | Wrote revised organ-specific adverse waitlist outputs to output/organ_specific_adverse_waitlist
