2026-05-29 07:24:09 | Reading candidate ZIP supplement
2026-05-29 07:24:12 | Reading pollution exposure tables
2026-05-29 07:24:32 | Reading community covariates
2026-05-29 07:24:32 | Reading candidate SAF files
2026-05-29 07:24:42 | Constructing heart/kidney/liver/lung cohort
2026-05-29 07:24:45 | Skipping baseline organ models because RUN_BASELINE_MODELS=FALSE
2026-05-29 07:24:45 | Constructing lagged annual waitlist exposure intervals

Time-varying organ progress 1/1 | HR

Time-varying model grid for HR 1/8 | single_pollutant_pm25_cumulative_spline
2026-05-29 07:24:51 | Dropping low-information terms: ns(albumin, df = 3)
2026-05-29 07:24:51 | START HR | single_pollutant_pm25_cumulative_spline | intervals=125985 | adverse=9705
2026-05-29 07:25:28 | DONE  HR | single_pollutant_pm25_cumulative_spline | elapsed=37.3 sec

Time-varying model grid for HR 2/8 | single_pollutant_ozone_cumulative_spline
2026-05-29 07:25:28 | Dropping low-information terms: ns(albumin, df = 3)
2026-05-29 07:25:29 | START HR | single_pollutant_ozone_cumulative_spline | intervals=125985 | adverse=9705
2026-05-29 07:26:06 | DONE  HR | single_pollutant_ozone_cumulative_spline | elapsed=37.6 sec

Time-varying model grid for HR 3/8 | single_pollutant_no2_cumulative_spline
2026-05-29 07:26:06 | Dropping low-information terms: ns(albumin, df = 3)
2026-05-29 07:26:06 | START HR | single_pollutant_no2_cumulative_spline | intervals=125985 | adverse=9705
2026-05-29 07:26:44 | DONE  HR | single_pollutant_no2_cumulative_spline | elapsed=37.5 sec

Time-varying model grid for HR 4/8 | combined_pollutants_cumulative_spline
2026-05-29 07:26:44 | Dropping low-information terms: ns(albumin, df = 3)
2026-05-29 07:26:44 | START HR | combined_pollutants_cumulative_spline | intervals=125985 | adverse=9705
2026-05-29 07:27:25 | DONE  HR | combined_pollutants_cumulative_spline | elapsed=41.6 sec

Time-varying model grid for HR 5/8 | single_pollutant_pm25_lagged_annual_spline
2026-05-29 07:27:25 | Dropping low-information terms: ns(albumin, df = 3)
2026-05-29 07:27:25 | START HR | single_pollutant_pm25_lagged_annual_spline | intervals=125985 | adverse=9705
2026-05-29 07:28:03 | DONE  HR | single_pollutant_pm25_lagged_annual_spline | elapsed=37.8 sec

Time-varying model grid for HR 6/8 | single_pollutant_ozone_lagged_annual_spline
2026-05-29 07:28:03 | Dropping low-information terms: ns(albumin, df = 3)
2026-05-29 07:28:03 | START HR | single_pollutant_ozone_lagged_annual_spline | intervals=125985 | adverse=9705
2026-05-29 07:28:41 | DONE  HR | single_pollutant_ozone_lagged_annual_spline | elapsed=37.8 sec

Time-varying model grid for HR 7/8 | single_pollutant_no2_lagged_annual_spline
2026-05-29 07:28:41 | Dropping low-information terms: ns(albumin, df = 3)
2026-05-29 07:28:41 | START HR | single_pollutant_no2_lagged_annual_spline | intervals=125985 | adverse=9705
2026-05-29 07:29:17 | DONE  HR | single_pollutant_no2_lagged_annual_spline | elapsed=36.7 sec

Time-varying model grid for HR 8/8 | combined_pollutants_lagged_annual_spline
2026-05-29 07:29:18 | Dropping low-information terms: ns(albumin, df = 3)
2026-05-29 07:29:18 | START HR | combined_pollutants_lagged_annual_spline | intervals=125985 | adverse=9705
2026-05-29 07:29:59 | DONE  HR | combined_pollutants_lagged_annual_spline | elapsed=41.4 sec
Warning messages:
1: In agreg.fit(X, Y, istrat, offset, init, control, weights = weights,  :
  Ran out of iterations and did not converge
2: In agreg.fit(X, Y, istrat, offset, init, control, weights = weights,  :
  Ran out of iterations and did not converge
3: In agreg.fit(X, Y, istrat, offset, init, control, weights = weights,  :
  Ran out of iterations and did not converge
4: In agreg.fit(X, Y, istrat, offset, init, control, weights = weights,  :
  Ran out of iterations and did not converge
5: In agreg.fit(X, Y, istrat, offset, init, control, weights = weights,  :
  Ran out of iterations and did not converge
6: In agreg.fit(X, Y, istrat, offset, init, control, weights = weights,  :
  Ran out of iterations and did not converge
7: In agreg.fit(X, Y, istrat, offset, init, control, weights = weights,  :
  Ran out of iterations and did not converge
8: In agreg.fit(X, Y, istrat, offset, init, control, weights = weights,  :
  Ran out of iterations and did not converge
2026-05-29 07:29:59 | Wrote revised organ-specific adverse waitlist outputs to output/organ_specific_adverse_waitlist
